C51 COMPILER V9.59.0.0   NAF24L01                                                          07/01/2026 22:08:34 PAGE 1   


C51 COMPILER V9.59.0.0, COMPILATION OF MODULE NAF24L01
OBJECT MODULE PLACED IN .\Objects\naf24l01.obj
COMPILER INVOKED BY: D:\keil5\C51\BIN\C51.exe naf24l01.c OPTIMIZE(8,SPEED) BROWSE INCDIR(..\scr\Driver,D:\keil5\C51\INC\
                    -STC) DEBUG OBJECTEXTEND PRINT(.\Listings\naf24l01.lst) OBJECT(.\Objects\naf24l01.obj)

line level    source

   1          #include <naf24l01.h>
   2          #include <intrins.h>
   3          
   4          sbit CE   = P3^0; /* nRF24L01 CE */
   5          sbit CSN  = P5^5; /* nRF24L01 CSN */
   6          sbit SCK  = P3^2; /* nRF24L01 SCK */
   7          sbit MISO = P3^3; /* nRF24L01 MISO */
   8          sbit MOSI = P5^4; /* nRF24L01 MOSI */
   9          
  10          #define CONFIG      0x00
  11          #define EN_AA       0x01
  12          #define EN_RXADDR   0x02
  13          #define SETUP_AW    0x03
  14          #define RF_CH       0x05
  15          #define RF_SETUP    0x06
  16          #define STATUS      0x07
  17          #define RX_ADDR_P0  0x0A
  18          #define RX_PW_P0    0x11
  19          
  20          #define RX_DR       0x40
  21          
  22          void NRF_IO_Init(void)
  23          {
  24   1          /* P3.0 CE and P3.2 SCK: push-pull output. P3.3 MISO: high impedance input. */
  25   1          P3M1 &= ~0x05;
  26   1          P3M0 |= 0x05;
  27   1          P3M1 |= 0x08;
  28   1          P3M0 &= ~0x08;
  29   1      
  30   1          /* P5.4 MOSI and P5.5 CSN: push-pull output. */
  31   1          P5M1 &= ~0x30;
  32   1          P5M0 |= 0x30;
  33   1      
  34   1          CE = 0;
  35   1          CSN = 1;
  36   1          SCK = 0;
  37   1          MOSI = 0;
  38   1      }
  39          
  40          void Delay_ms(uint8 ms)
  41          {
  42   1          uint8 i, j;
  43   1      
  44   1          while(ms--)
  45   1          {
  46   2              for(i = 0; i < 200; i++)
  47   2              {
  48   3                  for(j = 0; j < 20; j++)
  49   3                  {
  50   4                      _nop_();
  51   4                  }
  52   3              }
  53   2          }
  54   1      }
C51 COMPILER V9.59.0.0   NAF24L01                                                          07/01/2026 22:08:34 PAGE 2   

  55          
  56          uint8 SPI_RW(uint8 dat)
  57          {
  58   1          uint8 i;
  59   1      
  60   1          for(i = 0; i < 8; i++)
  61   1          {
  62   2              MOSI = (dat & 0x80);
  63   2              dat <<= 1;
  64   2      
  65   2              SCK = 1;
  66   2              _nop_();
  67   2      
  68   2              if(MISO) dat |= 0x01;
  69   2      
  70   2              SCK = 0;
  71   2              _nop_();
  72   2          }
  73   1      
  74   1          return dat;
  75   1      }
  76          
  77          void NRF_Write_Reg(uint8 reg, uint8 value)
  78          {
  79   1          CSN = 0;
  80   1          SPI_RW(reg | NRF_WRITE_REG);
  81   1          SPI_RW(value);
  82   1          CSN = 1;
  83   1      }
  84          
  85          uint8 NRF_Read_Reg(uint8 reg)
  86          {
  87   1          uint8 value;
  88   1      
  89   1          CSN = 0;
  90   1          SPI_RW(reg);
  91   1          value = SPI_RW(NOP);
  92   1          CSN = 1;
  93   1      
  94   1          return value;
  95   1      }
  96          
  97          void NRF_Write_Buf(uint8 reg, uint8 *buf, uint8 len)
  98          {
  99   1          uint8 i;
 100   1      
 101   1          CSN = 0;
 102   1          SPI_RW(reg | NRF_WRITE_REG);
 103   1          for(i = 0; i < len; i++)
 104   1          {
 105   2              SPI_RW(buf[i]);
 106   2          }
 107   1          CSN = 1;
 108   1      }
 109          
 110          void NRF_Init(void)
 111          {
 112   1          uint8 addr[5] = {'L', 'E', 'D', '0', (uint8)('0' + CLIP_ID)};
 113   1      
 114   1          NRF_IO_Init();
 115   1      
 116   1          CE = 0;
C51 COMPILER V9.59.0.0   NAF24L01                                                          07/01/2026 22:08:34 PAGE 3   

 117   1          CSN = 1;
 118   1          SCK = 0;
 119   1      
 120   1          NRF_Write_Reg(CONFIG, 0x0F);
 121   1          Delay_ms(2);
 122   1          NRF_Write_Reg(EN_AA, 0x00);
 123   1          NRF_Write_Reg(EN_RXADDR, 0x01);
 124   1          NRF_Write_Reg(SETUP_AW, 0x03);
 125   1          NRF_Write_Reg(RF_CH, 40);
 126   1          NRF_Write_Reg(RF_SETUP, 0x06);
 127   1      
 128   1          NRF_Write_Buf(RX_ADDR_P0, addr, 5);
 129   1          NRF_Write_Reg(RX_PW_P0, 1);
 130   1          NRF_Write_Reg(STATUS, 0x70);
 131   1      
 132   1          CSN = 0;
 133   1          SPI_RW(FLUSH_RX);
 134   1          CSN = 1;
 135   1      
 136   1          CE = 1;
 137   1      }
 138          
 139          uint8 NRF_Check(void)
 140          {
 141   1          uint8 ok = 1;
 142   1      
 143   1          CE = 0;
 144   1          Delay_ms(2);
 145   1      
 146   1          NRF_Write_Reg(RF_CH, 40);
 147   1          if(NRF_Read_Reg(RF_CH) != 40)
 148   1          {
 149   2              ok = 0;
 150   2          }
 151   1          else
 152   1          {
 153   2              NRF_Write_Reg(RF_SETUP, 0x06);
 154   2              if(NRF_Read_Reg(RF_SETUP) != 0x06)
 155   2              {
 156   3                  ok = 0;
 157   3              }
 158   2          }
 159   1      
 160   1          CE = 1;
 161   1          Delay_ms(2);
 162   1      
 163   1          return ok;
 164   1      }
 165          
 166          uint8 NRF_Receive(uint8 *buf)
 167          {
 168   1          uint8 status;
 169   1      
 170   1          status = NRF_Read_Reg(STATUS);
 171   1      
 172   1          if(status & RX_DR)
 173   1          {
 174   2              CSN = 0;
 175   2              SPI_RW(RD_RX_PLOAD);
 176   2              buf[0] = SPI_RW(NOP);
 177   2              CSN = 1;
 178   2      
C51 COMPILER V9.59.0.0   NAF24L01                                                          07/01/2026 22:08:34 PAGE 4   

 179   2              NRF_Write_Reg(STATUS, RX_DR);
 180   2              return 1;
 181   2          }
 182   1      
 183   1          return 0;
 184   1      }


MODULE INFORMATION:   STATIC OVERLAYABLE
   CODE SIZE        =    384    ----
   CONSTANT SIZE    =      5    ----
   XDATA SIZE       =   ----    ----
   PDATA SIZE       =   ----    ----
   DATA SIZE        =   ----      10
   IDATA SIZE       =   ----    ----
   BIT SIZE         =   ----    ----
END OF MODULE INFORMATION.


C51 COMPILATION COMPLETE.  0 WARNING(S),  0 ERROR(S)
